Auto-merging Makefile
Auto-merging block/bio.c
Auto-merging drivers/android/binder_alloc.c
CONFLICT (content): Merge conflict in drivers/android/binder_alloc.c
Auto-merging drivers/base/core.c
Auto-merging drivers/gpu/drm/drm_crtc.c
Auto-merging drivers/gpu/drm/drm_drv.c
Auto-merging drivers/gpu/drm/drm_file.c
Auto-merging drivers/gpu/drm/drm_framebuffer.c
Auto-merging drivers/gpu/drm/drm_mipi_dsi.c
Auto-merging drivers/gpu/drm/drm_plane.c
Auto-merging drivers/gpu/drm/radeon/r100.c
Auto-merging drivers/gpu/drm/radeon/r600_cs.c
Auto-merging drivers/hid/hid-core.c
Auto-merging drivers/hid/hid-ids.h
Auto-merging drivers/hid/wacom_sys.c
Auto-merging drivers/hwtracing/coresight/coresight-etm4x.h
Auto-merging drivers/infiniband/ulp/srpt/ib_srpt.c
CONFLICT (content): Merge conflict in drivers/infiniband/ulp/srpt/ib_srpt.c
Auto-merging drivers/md/dm-crypt.c
Auto-merging drivers/md/md.c
Auto-merging drivers/mfd/Kconfig
Auto-merging drivers/net/ppp/ppp_async.c
Auto-merging drivers/pci/quirks.c
Auto-merging drivers/scsi/Kconfig
Auto-merging drivers/usb/core/hub.c
Auto-merging drivers/usb/dwc3/ep0.c
Auto-merging drivers/usb/gadget/function/f_mass_storage.c
Auto-merging drivers/usb/gadget/function/f_ncm.c
Auto-merging drivers/vhost/vhost.c
Auto-merging fs/aio.c
CONFLICT (content): Merge conflict in fs/aio.c
Auto-merging fs/compat_ioctl.c
Auto-merging fs/dcache.c
Auto-merging fs/ext4/mballoc.c
Auto-merging fs/ext4/move_extent.c
Auto-merging fs/f2fs/namei.c
CONFLICT (content): Merge conflict in fs/f2fs/namei.c
Auto-merging fs/f2fs/xattr.c
Auto-merging fs/fuse/dir.c
Auto-merging fs/nilfs2/segment.c
Auto-merging fs/pstore/ram.c
Auto-merging include/drm/drm_bridge.h
Auto-merging include/drm/drm_mipi_dsi.h
Auto-merging include/linux/bpf.h
Auto-merging include/linux/device.h
Auto-merging include/linux/fs.h
Auto-merging include/linux/lsm_hooks.h
Auto-merging include/linux/pci_ids.h
Auto-merging include/linux/security.h
Auto-merging include/linux/spi/spi.h
Auto-merging kernel/bpf/arraymap.c
Auto-merging kernel/bpf/hashtab.c
Auto-merging kernel/bpf/lpm_trie.c
Auto-merging kernel/debug/kdb/kdb_main.c
Auto-merging kernel/power/swap.c
CONFLICT (content): Merge conflict in kernel/power/swap.c
Auto-merging kernel/sched/rt.c
Auto-merging kernel/sysctl.c
Auto-merging kernel/time/tick-sched.c
Auto-merging kernel/trace/trace.c
Auto-merging kernel/trace/trace_output.c
Auto-merging mm/memcontrol.c
Auto-merging mm/memory-failure.c
CONFLICT (content): Merge conflict in mm/memory-failure.c
Auto-merging mm/memory.c
Auto-merging mm/page-writeback.c
Auto-merging net/ipv4/af_inet.c
Auto-merging net/ipv4/ip_output.c
Auto-merging net/ipv4/tcp.c
Auto-merging net/ipv6/route.c
Auto-merging net/l2tp/l2tp_ip6.c
Auto-merging net/packet/af_packet.c
Auto-merging net/wireless/nl80211.c
Auto-merging net/wireless/scan.c
Auto-merging security/security.c
Auto-merging security/selinux/hooks.c
Automatic merge failed; fix conflicts and then commit the result.
